---
source: tests/integration/glob_submodule/mod.rs
expression: "&contents"
input_file: tests/integration/inputs/hello.txt
---
"Contents of hello"
