---
source: tests/integration/glob_submodule/mod.rs
expression: "&contents"
input_file: tests/inputs/goodbye.txt
---
"Contents of goodbye"
