---
source: tests/integration/basic.rs
expression: td
---
TestDisplay struct
