---
source: tests/integration/inline.rs
expression: "\"Testing-2\""
---
Testing-2
