---
source: tests/integration/basic.rs
expression: "\"aoeu\""
---
aoeu
