---
source: tests/integration/inline.rs
expression: "\"Testing-thread\""
---
Testing-thread
