---
source: tests/integration/inline.rs
expression: "\"Testing-thread-2\""
---
Testing-thread-2
