---
source: tests/integration/basic.rs
expression: "vec![1, 2, 3]"
---
[
  1,
  2,
  3
]
