---
source: tests/integration/inline.rs
expression: "\"Testing\""
---
Testing
