---
source: tests/integration/glob.rs
expression: "&contents"
input_file: tests/integration/inputs-nested/a/file.txt
---
Hello A
