---
source: tests/integration/suffixes.rs
expression: "&value"
---
1
