---
source: tests/integration/bugs.rs
expression: "\"foo\\r\\nbar\\r\\nbaz\""
---
foo
bar
baz
