---
source: tests/integration/basic.rs
expression: "\"whatever\""
---
whatever
